package main

import (
	"context"
	"fmt"
	"os"

	"github.com/suzuki-shunsuke/urfave-cli-v3-help-all/helpall"
	"github.com/urfave/cli/v3"
)

func main() {
	_ = &cli.Command{}
	app := &cli.Command{
		Name: "example",
		Authors: []any{
			{
				Name:  "name",
				Email: "email",
			},
		},
		EnableShellCompletion:  true,
		CustomRootCommandHelpTemplate: "{{.Name}} - {{.Usage}}",
		ExitErrHandler: func(_ context.Context, err error) {
			if err != nil {
				os.Exit(1)
			}
		},
		Commands: []*cli.Command{
			{
				Name: "sub",
				Commands: []*cli.Command{
					{
						Name: "subsub",
						Action: func(ctx context.Context, c *cli.Command) error {
							name := c.String("name")
							age := c.Int("age")
							c.ToFishCompletion()
							fmt.Fprintln(os.Stdout, name, age)
							return nil
						},
						Flags: []cli.Flag{
							&cli.StringFlag{
								Name:    "name",
								Sources: cli.EnvVars("NAME"),
							},
						},
					},
				},
			},
			helpall.New(nil),
		},
	}
	app.Run(context.Background(), os.Args)
}
